mode: set
parser_server/server/pb/parser.pb.go:30.25,35.2 4 0
parser_server/server/pb/parser.pb.go:37.33,39.2 1 0
parser_server/server/pb/parser.pb.go:41.31,41.32 0 0
parser_server/server/pb/parser.pb.go:43.53,45.14 2 0
parser_server/server/pb/parser.pb.go:45.14,47.34 2 0
parser_server/server/pb/parser.pb.go:47.34,49.4 1 0
parser_server/server/pb/parser.pb.go:50.3,50.12 1 0
parser_server/server/pb/parser.pb.go:52.2,52.24 1 0
parser_server/server/pb/parser.pb.go:56.44,58.2 1 0
parser_server/server/pb/parser.pb.go:68.29,73.2 4 0
parser_server/server/pb/parser.pb.go:75.37,77.2 1 0
parser_server/server/pb/parser.pb.go:79.35,79.36 0 0
parser_server/server/pb/parser.pb.go:81.57,83.14 2 0
parser_server/server/pb/parser.pb.go:83.14,85.34 2 0
parser_server/server/pb/parser.pb.go:85.34,87.4 1 0
parser_server/server/pb/parser.pb.go:88.3,88.12 1 0
parser_server/server/pb/parser.pb.go:90.2,90.24 1 0
parser_server/server/pb/parser.pb.go:94.48,96.2 1 0
parser_server/server/pb/parser.pb.go:98.48,99.14 1 0
parser_server/server/pb/parser.pb.go:99.14,101.3 1 0
parser_server/server/pb/parser.pb.go:102.2,102.12 1 0
parser_server/server/pb/parser.pb.go:113.25,118.2 4 0
parser_server/server/pb/parser.pb.go:120.33,122.2 1 0
parser_server/server/pb/parser.pb.go:124.31,124.32 0 0
parser_server/server/pb/parser.pb.go:126.53,128.14 2 0
parser_server/server/pb/parser.pb.go:128.14,130.34 2 0
parser_server/server/pb/parser.pb.go:130.34,132.4 1 0
parser_server/server/pb/parser.pb.go:133.3,133.12 1 0
parser_server/server/pb/parser.pb.go:135.2,135.24 1 0
parser_server/server/pb/parser.pb.go:139.44,141.2 1 0
parser_server/server/pb/parser.pb.go:143.50,144.14 1 0
parser_server/server/pb/parser.pb.go:144.14,146.3 1 0
parser_server/server/pb/parser.pb.go:147.2,147.12 1 0
parser_server/server/pb/parser.pb.go:186.45,187.42 1 0
parser_server/server/pb/parser.pb.go:187.42,189.3 1 0
parser_server/server/pb/parser.pb.go:190.2,190.38 1 0
parser_server/server/pb/parser.pb.go:215.13,215.41 1 0
parser_server/server/pb/parser.pb.go:216.31,217.30 1 0
parser_server/server/pb/parser.pb.go:217.30,219.3 1 0
parser_server/server/pb/parser.pb.go:220.2,237.33 6 0
parser_server/server/pb/parser_grpc.pb.go:39.76,41.2 1 0
parser_server/server/pb/parser_grpc.pb.go:43.120,47.16 4 0
parser_server/server/pb/parser_grpc.pb.go:47.16,49.3 1 0
parser_server/server/pb/parser_grpc.pb.go:50.2,50.17 1 0
parser_server/server/pb/parser_grpc.pb.go:70.98,72.2 1 0
parser_server/server/pb/parser_grpc.pb.go:73.84,73.85 0 0
parser_server/server/pb/parser_grpc.pb.go:74.84,74.85 0 0
parser_server/server/pb/parser_grpc.pb.go:83.82,88.59 1 0
parser_server/server/pb/parser_grpc.pb.go:88.59,90.3 1 0
parser_server/server/pb/parser_grpc.pb.go:91.2,91.51 1 0
parser_server/server/pb/parser_grpc.pb.go:94.166,96.32 2 0
parser_server/server/pb/parser_grpc.pb.go:96.32,98.3 1 0
parser_server/server/pb/parser_grpc.pb.go:99.2,99.24 1 0
parser_server/server/pb/parser_grpc.pb.go:99.24,101.3 1 0
parser_server/server/pb/parser_grpc.pb.go:102.2,106.77 2 0
parser_server/server/pb/parser_grpc.pb.go:106.77,108.3 1 0
parser_server/server/pb/parser_grpc.pb.go:109.2,109.44 1 0
parser_server/internal/config/config.go:15.55,18.16 3 1
parser_server/internal/config/config.go:18.16,21.3 2 0
parser_server/internal/config/config.go:23.2,23.15 1 1
parser_server/internal/config/config.go:23.15,25.17 2 1
parser_server/internal/config/config.go:25.17,27.4 1 0
parser_server/internal/config/config.go:30.2,31.16 2 1
parser_server/internal/config/config.go:31.16,33.3 1 0
parser_server/internal/config/config.go:34.2,36.20 3 1
parser_server/internal/config/config.go:36.20,39.3 2 0
parser_server/internal/config/config.go:40.2,40.20 1 1
parser_server/internal/parser/parser.go:17.79,22.43 2 1
parser_server/internal/parser/parser.go:22.43,23.46 1 1
parser_server/internal/parser/parser.go:23.46,25.4 1 1
parser_server/internal/parser/parser.go:27.2,27.21 1 1
parser_server/internal/parser/parser.go:30.58,31.30 1 1
parser_server/internal/parser/parser.go:31.30,33.3 1 0
parser_server/internal/parser/parser.go:34.2,35.47 2 1
parser_server/internal/parser/parser.go:35.47,37.3 1 1
parser_server/internal/parser/parser.go:38.2,38.16 1 1
parser_server/internal/parser/parser.go:45.67,47.2 1 1
parser_server/internal/parser/parser.go:49.68,53.36 3 1
parser_server/internal/parser/parser.go:53.36,55.26 2 1
parser_server/internal/parser/parser.go:55.26,58.4 2 1
parser_server/internal/parser/parser.go:60.2,60.14 1 1
parser_server/server/server.go:21.77,26.2 1 1
parser_server/server/server.go:28.87,30.16 2 1
parser_server/server/server.go:30.16,32.3 1 0
parser_server/server/server.go:33.2,45.40 6 1
parser_server/server/server.go:45.40,49.39 2 1
parser_server/server/server.go:49.39,51.4 1 1
parser_server/server/server.go:52.3,52.32 1 1
parser_server/server/server.go:55.2,55.21 1 1
parser_server/server/pb/parser.pb.go:30.25,35.2 4 0
parser_server/server/pb/parser.pb.go:37.33,39.2 1 0
parser_server/server/pb/parser.pb.go:41.31,41.32 0 0
parser_server/server/pb/parser.pb.go:43.53,45.14 2 0
parser_server/server/pb/parser.pb.go:45.14,47.34 2 0
parser_server/server/pb/parser.pb.go:47.34,49.4 1 0
parser_server/server/pb/parser.pb.go:50.3,50.12 1 0
parser_server/server/pb/parser.pb.go:52.2,52.24 1 0
parser_server/server/pb/parser.pb.go:56.44,58.2 1 0
parser_server/server/pb/parser.pb.go:68.29,73.2 4 0
parser_server/server/pb/parser.pb.go:75.37,77.2 1 0
parser_server/server/pb/parser.pb.go:79.35,79.36 0 0
parser_server/server/pb/parser.pb.go:81.57,83.14 2 0
parser_server/server/pb/parser.pb.go:83.14,85.34 2 0
parser_server/server/pb/parser.pb.go:85.34,87.4 1 0
parser_server/server/pb/parser.pb.go:88.3,88.12 1 0
parser_server/server/pb/parser.pb.go:90.2,90.24 1 0
parser_server/server/pb/parser.pb.go:94.48,96.2 1 0
parser_server/server/pb/parser.pb.go:98.48,99.14 1 0
parser_server/server/pb/parser.pb.go:99.14,101.3 1 0
parser_server/server/pb/parser.pb.go:102.2,102.12 1 0
parser_server/server/pb/parser.pb.go:113.25,118.2 4 0
parser_server/server/pb/parser.pb.go:120.33,122.2 1 0
parser_server/server/pb/parser.pb.go:124.31,124.32 0 0
parser_server/server/pb/parser.pb.go:126.53,128.14 2 0
parser_server/server/pb/parser.pb.go:128.14,130.34 2 0
parser_server/server/pb/parser.pb.go:130.34,132.4 1 0
parser_server/server/pb/parser.pb.go:133.3,133.12 1 0
parser_server/server/pb/parser.pb.go:135.2,135.24 1 0
parser_server/server/pb/parser.pb.go:139.44,141.2 1 0
parser_server/server/pb/parser.pb.go:143.50,144.14 1 0
parser_server/server/pb/parser.pb.go:144.14,146.3 1 0
parser_server/server/pb/parser.pb.go:147.2,147.12 1 0
parser_server/server/pb/parser.pb.go:186.45,187.42 1 0
parser_server/server/pb/parser.pb.go:187.42,189.3 1 0
parser_server/server/pb/parser.pb.go:190.2,190.38 1 0
parser_server/server/pb/parser.pb.go:215.13,215.41 1 1
parser_server/server/pb/parser.pb.go:216.31,217.30 1 1
parser_server/server/pb/parser.pb.go:217.30,219.3 1 0
parser_server/server/pb/parser.pb.go:220.2,237.33 6 1
parser_server/server/pb/parser_grpc.pb.go:39.76,41.2 1 0
parser_server/server/pb/parser_grpc.pb.go:43.120,47.16 4 0
parser_server/server/pb/parser_grpc.pb.go:47.16,49.3 1 0
parser_server/server/pb/parser_grpc.pb.go:50.2,50.17 1 0
parser_server/server/pb/parser_grpc.pb.go:70.98,72.2 1 0
parser_server/server/pb/parser_grpc.pb.go:73.84,73.85 0 0
parser_server/server/pb/parser_grpc.pb.go:74.84,74.85 0 0
parser_server/server/pb/parser_grpc.pb.go:83.82,88.59 1 0
parser_server/server/pb/parser_grpc.pb.go:88.59,90.3 1 0
parser_server/server/pb/parser_grpc.pb.go:91.2,91.51 1 0
parser_server/server/pb/parser_grpc.pb.go:94.166,96.32 2 0
parser_server/server/pb/parser_grpc.pb.go:96.32,98.3 1 0
parser_server/server/pb/parser_grpc.pb.go:99.2,99.24 1 0
parser_server/server/pb/parser_grpc.pb.go:99.24,101.3 1 0
parser_server/server/pb/parser_grpc.pb.go:102.2,106.77 2 0
parser_server/server/pb/parser_grpc.pb.go:106.77,108.3 1 0
parser_server/server/pb/parser_grpc.pb.go:109.2,109.44 1 0
